<html>
<body>
<pre>
<h1>µVision Build Log</h1>
<h2>Tool Versions:</h2>
IDE-Version: ¦ÌVision V5.43.1.0
Copyright (C) 2025 ARM Ltd and ARM Germany GmbH. All rights reserved.
License Information: 123 liuxy, 1, LIC=ZB4EI-TTCXH-MM39I-TRISJ-S24WB-7NLE8
 
Tool Versions:
Toolchain:       MDK-ARM Plus  Version: 5.43.0.0
Toolchain Path:  D:\keil5\ARM\4 ARMCC\Bin
C Compiler:      Armcc.exe V5.06 update 5 (build 528)
Assembler:       Armasm.exe V5.06 update 5 (build 528)
Linker/Locator:  ArmLink.exe V5.06 update 5 (build 528)
Library Manager: ArmAr.exe V5.06 update 5 (build 528)
Hex Converter:   FromElf.exe V5.06 update 5 (build 528)
CPU DLL:         SARMCM3.DLL V5.43.0.0
Dialog DLL:      DCM.DLL V1.17.5.0
Target DLL:      STLink\ST-LINKIII-KEIL_SWO.dll V3.3.1.0
Dialog DLL:      TCM.DLL V1.56.6.0
 
<h2>Project:</h2>
D:\stmcubemx\project1\phase5\MDK-ARM\SmartWatch.uvprojx
Project File Date:  07/04/2026

<h2>Output:</h2>
*** Using Compiler 'V5.06 update 5 (build 528)', folder: 'D:\keil5\ARM\4 ARMCC\Bin'
Build target 'SmartWatch'
compiling ssd1306.c...
compiling stm32f1xx_it.c...
../Core/Src/stm32f1xx_it.c(100): warning:  #128-D: loop is not reachable
    while (1)
../Core/Src/stm32f1xx_it.c: 1 warning, 0 errors
compiling display.c...
..\Core\Src\display.c(34): warning:  #177-D: variable "buf"  was declared but never referenced
      char buf[32];
..\Core\Src\display.c: 1 warning, 0 errors
compiling main.c...
compiling bluetooth.c...
compiling freertos_tasks.c...
compiling freertos.c...
../Core/Src/freertos.c(224): warning:  #188-D: enumerated type mixed with another type
  		
sThreadDef(taskHwInit, vTaskHardwareInit, osPriorityHigh+1, 0, 256);
../Core/Src/freertos.c: 1 warning, 0 errors
linking...
Program Size: Code=37322 RO-data=1330 RW-data=300 ZI-data=13100  
FromELF: creating hex file...
"SmartWatch\SmartWatch.axf" - 0 Error(s), 3 Warning(s).

<h2>Software Packages used:</h2>

Package Vendor: ARM
                https://www.keil.com/pack/ARM.CMSIS.6.3.0.pack
                ARM::CMSIS@6.3.0
                CMSIS (Common Microcontroller Software Interface Standard)
   * Component: CORE Version: 6.2.0

Package Vendor: Keil
                https://www.keil.com/pack/Keil.STM32F1xx_DFP.2.4.1.pack
                Keil::STM32F1xx_DFP@2.4.1
                STMicroelectronics STM32F1 Series Device Support, Drivers and Examples

<h2>Collection of Component include folders:</h2>
  ./RTE/_SmartWatch
  D:/keil5/ARM/Packs/ARM/CMSIS/6.3.0/CMSIS/Core/Include
  D:/keil5/ARM/Packs/Keil/STM32F1xx_DFP/2.4.1/Device/Include

<h2>Collection of Component Files used:</h2>

   * Component: ARM::CMSIS:CORE@6.2.0
      Include file:  CMSIS/Core/Include/tz_context.h
Build Time Elapsed:  00:00:02
</pre>
</body>
</html>
